// Vitest Snapshot v1, https://vitest.dev/guide/snapshot.html

exports[`BaseSelect > matches snapshot 1`] = `"<q-select-stub modelvalue="[object Object]" label="Test Label" virtualscrollhorizontal="false" virtualscrollslicesize="10" virtualscrollsliceratiobefore="1" virtualscrollsliceratioafter="1" virtualscrollstickysizestart="0" virtualscrollstickysizeend="0" noerroricon="false" reactiverules="false" lazyrules="false" stacklabel="false" hidehint="false" filled="true" outlined="false" borderless="false" standout="false" square="false" loading="false" labelslot="false" bottomslots="false" hidebottomspace="false" rounded="false" dense="false" itemaligned="false" counter="false" clearable="false" disable="false" autofocus="false" multiple="false" displayvaluehtml="false" options="[object Object],[object Object]" hideselected="false" hidedropdownicon="false" fillinput="false" optionsdense="false" optionshtml="false" optionscover="false" menushrink="false" popupnoroutedismiss="false" useinput="false" usechips="false" mapoptions="false" emitvalue="false" disabletabselection="false" inputdebounce="500" tabindex="0" behavior="default"></q-select-stub>"`;
